таблиц всего: 96; пропускаем FTS: ['verse_fts', 'verse_fts_config', 'verse_fts_content', 'verse_fts_data', 'verse_fts_docsize', 'verse_fts_idx']
  app_config: 11
  auth_codes: 1
  auth_identities: 1
  book_catalog: 128
  book_orders: 0
  bookmarks: 0
  center_admins: 0
  center_deities: 3
  center_events: 0
  center_programs: 4
  centers: 959
  collective_vow_members: 1
  collective_vows: 1
  content_blocks: 1470
  content_items: 170
  darshan: 99
  deities: 4
  deploy_checks: 3360
  dhama_clusters: 35
  dhamas: 3
  divisions: 1084
  editions: 30
  entities: 886
  entity_categories: 3732
  entity_citations: 0
  entity_links: 1081
  entity_names: 2958
  entity_profiles: 886
  entity_relations: 3591
  feed_audio: 9
  feed_media: 20
  feed_video: 12
  festivals: 9
  gcal_days: 481
  gcal_meta: 1
  home_documents: 15
  ig_config: 2
  ig_darshan: 15
  japa_round: 0
  katha_albums: 326
  katha_fts: 6908
  katha_fts_config: 1
  katha_fts_content: 6908
  katha_fts_data: 182
  katha_fts_docsize: 6908
  katha_fts_idx: 180
  katha_speakers: 5
  katha_tracks: 6908
  kirtan_albums: 50
  kirtan_artists: 124
  kirtan_tracks: 1062
  kirtans_ingest: 44
  kirtans_verify: 2
  lemmas: 5
  listening: 8
  news_posts: 37
  notes: 0
  oauth_states: 1
  page_text: 170
  pipeline_state: 1
  places: 956
  prayer_media: 446
  prayer_verses: 1989
  prayers: 339
  push_outbox: 0
  push_subscriptions: 0
  quotes: 182
  reading_progress: 9
  recipe_deities: 156
  recipes: 100
  reports: 5
  sadhana_day: 0
  sb_audio: 13253
  sessions: 2
  shop_groups: 3
  shop_products: 9
  tilda_assets: 141366
  tilda_pages: 148
  tirtha_persons: 289
  tirthas: 660
  user_auth: 2
  user_favorites: 0
  user_prefs: 0
  user_vows: 0
  users: 2
  verse_texts: 68816
  verse_tokens: 316325
  verses: 68816
  vraja_raw: 578
  works: 39
✓ дамп готов за 420 c; строк всего: 665382
rc=0
-rw-r--r-- 1 runner runner 42M Aug  7 04:40 d1.sql.gz
